// Jest Snapshot v1, https://goo.gl/fbAQLP

exports[`EmptyPieceSVG should match a snapshot 1`] = `
ShallowWrapper {
  "length": 1,
  Symbol(enzyme.__root__): [Circular],
  Symbol(enzyme.__unrendered__): <EmptyPieceSVG />,
  Symbol(enzyme.__renderer__): Object {
    "batchedUpdates": [Function],
    "getNode": [Function],
    "render": [Function],
    "simulateEvent": [Function],
    "unmount": [Function],
  },
  Symbol(enzyme.__node__): Object {
    "instance": null,
    "key": undefined,
    "nodeType": "host",
    "props": Object {
      "fill": "transparent",
      "fillOpacity": "0",
      "height": "100%",
      "width": "100%",
      "x": "0",
      "y": "0",
    },
    "ref": null,
    "rendered": null,
    "type": "rect",
  },
  Symbol(enzyme.__nodes__): Array [
    Object {
      "instance": null,
      "key": undefined,
      "nodeType": "host",
      "props": Object {
        "fill": "transparent",
        "fillOpacity": "0",
        "height": "100%",
        "width": "100%",
        "x": "0",
        "y": "0",
      },
      "ref": null,
      "rendered": null,
      "type": "rect",
    },
  ],
  Symbol(enzyme.__options__): Object {
    "adapter": ReactSixteenAdapter {
      "options": Object {
        "enableComponentDidUpdateOnSetState": true,
      },
    },
  },
}
`;
