// Jest Snapshot v1, https://goo.gl/fbAQLP

exports[`should match a snapshot 1`] = `
ShallowWrapper {
  "length": 1,
  Symbol(enzyme.__root__): [Circular],
  Symbol(enzyme.__unrendered__): <GameBoard
    height={500}
    width={500}
/>,
  Symbol(enzyme.__renderer__): Object {
    "batchedUpdates": [Function],
    "getNode": [Function],
    "render": [Function],
    "simulateEvent": [Function],
    "unmount": [Function],
  },
  Symbol(enzyme.__node__): Object {
    "instance": null,
    "key": undefined,
    "nodeType": "host",
    "props": Object {
      "children": Array [
        Array [
          <line
            x1={166.66666666666666}
            x2={166.66666666666666}
            y1={0}
            y2={500}
/>,
          <line
            x1={333.3333333333333}
            x2={333.3333333333333}
            y1={0}
            y2={500}
/>,
          <line
            x1={0}
            x2={500}
            y1={166.66666666666666}
            y2={166.66666666666666}
/>,
          <line
            x1={0}
            x2={500}
            y1={333.3333333333333}
            y2={333.3333333333333}
/>,
        ],
        <GameBoardSquares
          board={
                    Array [
                              0,
                              0,
                              0,
                              1,
                              1,
                              1,
                              2,
                              2,
                              2,
                            ]
          }
          height={500}
          width={500}
/>,
      ],
      "height": 500,
      "width": 500,
    },
    "ref": null,
    "rendered": Array [
      Object {
        "instance": null,
        "key": "166.66666666666666-0",
        "nodeType": "host",
        "props": Object {
          "x1": 166.66666666666666,
          "x2": 166.66666666666666,
          "y1": 0,
          "y2": 500,
        },
        "ref": null,
        "rendered": null,
        "type": "line",
      },
      Object {
        "instance": null,
        "key": "333.3333333333333-0",
        "nodeType": "host",
        "props": Object {
          "x1": 333.3333333333333,
          "x2": 333.3333333333333,
          "y1": 0,
          "y2": 500,
        },
        "ref": null,
        "rendered": null,
        "type": "line",
      },
      Object {
        "instance": null,
        "key": "0-166.66666666666666",
        "nodeType": "host",
        "props": Object {
          "x1": 0,
          "x2": 500,
          "y1": 166.66666666666666,
          "y2": 166.66666666666666,
        },
        "ref": null,
        "rendered": null,
        "type": "line",
      },
      Object {
        "instance": null,
        "key": "0-333.3333333333333",
        "nodeType": "host",
        "props": Object {
          "x1": 0,
          "x2": 500,
          "y1": 333.3333333333333,
          "y2": 333.3333333333333,
        },
        "ref": null,
        "rendered": null,
        "type": "line",
      },
      Object {
        "instance": null,
        "key": undefined,
        "nodeType": "function",
        "props": Object {
          "board": Array [
            0,
            0,
            0,
            1,
            1,
            1,
            2,
            2,
            2,
          ],
          "height": 500,
          "width": 500,
        },
        "ref": null,
        "rendered": null,
        "type": [Function],
      },
    ],
    "type": "svg",
  },
  Symbol(enzyme.__nodes__): Array [
    Object {
      "instance": null,
      "key": undefined,
      "nodeType": "host",
      "props": Object {
        "children": Array [
          Array [
            <line
              x1={166.66666666666666}
              x2={166.66666666666666}
              y1={0}
              y2={500}
/>,
            <line
              x1={333.3333333333333}
              x2={333.3333333333333}
              y1={0}
              y2={500}
/>,
            <line
              x1={0}
              x2={500}
              y1={166.66666666666666}
              y2={166.66666666666666}
/>,
            <line
              x1={0}
              x2={500}
              y1={333.3333333333333}
              y2={333.3333333333333}
/>,
          ],
          <GameBoardSquares
            board={
                        Array [
                                    0,
                                    0,
                                    0,
                                    1,
                                    1,
                                    1,
                                    2,
                                    2,
                                    2,
                                  ]
            }
            height={500}
            width={500}
/>,
        ],
        "height": 500,
        "width": 500,
      },
      "ref": null,
      "rendered": Array [
        Object {
          "instance": null,
          "key": "166.66666666666666-0",
          "nodeType": "host",
          "props": Object {
            "x1": 166.66666666666666,
            "x2": 166.66666666666666,
            "y1": 0,
            "y2": 500,
          },
          "ref": null,
          "rendered": null,
          "type": "line",
        },
        Object {
          "instance": null,
          "key": "333.3333333333333-0",
          "nodeType": "host",
          "props": Object {
            "x1": 333.3333333333333,
            "x2": 333.3333333333333,
            "y1": 0,
            "y2": 500,
          },
          "ref": null,
          "rendered": null,
          "type": "line",
        },
        Object {
          "instance": null,
          "key": "0-166.66666666666666",
          "nodeType": "host",
          "props": Object {
            "x1": 0,
            "x2": 500,
            "y1": 166.66666666666666,
            "y2": 166.66666666666666,
          },
          "ref": null,
          "rendered": null,
          "type": "line",
        },
        Object {
          "instance": null,
          "key": "0-333.3333333333333",
          "nodeType": "host",
          "props": Object {
            "x1": 0,
            "x2": 500,
            "y1": 333.3333333333333,
            "y2": 333.3333333333333,
          },
          "ref": null,
          "rendered": null,
          "type": "line",
        },
        Object {
          "instance": null,
          "key": undefined,
          "nodeType": "function",
          "props": Object {
            "board": Array [
              0,
              0,
              0,
              1,
              1,
              1,
              2,
              2,
              2,
            ],
            "height": 500,
            "width": 500,
          },
          "ref": null,
          "rendered": null,
          "type": [Function],
        },
      ],
      "type": "svg",
    },
  ],
  Symbol(enzyme.__options__): Object {
    "adapter": ReactSixteenAdapter {
      "options": Object {
        "enableComponentDidUpdateOnSetState": true,
      },
    },
  },
}
`;
